============================= test session starts =============================
platform win32 -- Python 3.14.0, pytest-9.0.2, pluggy-1.6.0 -- F:\Playwright_TuanDung\venv\Scripts\python.exe
cachedir: .pytest_cache
metadata: {'Python': '3.14.0', 'Platform': 'Windows-11-10.0.26200-SP0', 'Packages': {'pytest': '9.0.2', 'pluggy': '1.6.0'}, 'Plugins': {'base-url': '2.1.0', 'html': '4.1.1', 'metadata': '3.1.1', 'playwright': '0.7.2'}, 'Base URL': ''}
rootdir: F:\Playwright_TuanDung
configfile: pytest.ini
plugins: base-url-2.1.0, html-4.1.1, metadata-3.1.1, playwright-0.7.2
collecting ... collected 2 items / 1 deselected / 1 selected

tests/api/test_change_password.py::TestChangePassword::test_1_login FAILED

================================== FAILURES ===================================
_______________________ TestChangePassword.test_1_login _______________________

self = <test_change_password.TestChangePassword object at 0x00000277662CAE90>
request_context = <playwright._impl._fetch.APIRequestContext object at 0x0000027766553770>

    def test_1_login(self, request_context):
        login_api = LoginAPI(request_context, TestChangePassword.email_user, TestChangePassword.password_user)
        login_api.send_request()
>       login_api.validate_response()

tests\api\test_change_password.py:16: 
_ _ _ _ _ _ _ _ _ _ _ _ _ _ _ _ _ _ _ _ _ _ _ _ _ _ _ _ _ _ _ _ _ _ _ _ _ _ _ _
api\login_api.py:20: in validate_response
    self._verify_status_code(self.response_code, 200)
_ _ _ _ _ _ _ _ _ _ _ _ _ _ _ _ _ _ _ _ _ _ _ _ _ _ _ _ _ _ _ _ _ _ _ _ _ _ _ _

self = <api.login_api.LoginAPI object at 0x00000277666B8830>
response_code = 404, expected_status_code = 200

    def _verify_status_code(self, response_code: int, expected_status_code: int):
>       assert response_code == expected_status_code
               ^^^^^^^^^^^^^^^^^^^^^^^^^^^^^^^^^^^^^
E       AssertionError

core\base_api.py:30: AssertionError
=========================== short test summary info ===========================
FAILED tests/api/test_change_password.py::TestChangePassword::test_1_login - ...
======================= 1 failed, 1 deselected in 0.73s =======================
